
Memory Configuration

Name             Origin             Length             Attributes
*default*        0x00000000         0xffffffff

Linker script and memory map

LOAD ./copy.o
LOAD ./init.o
START GROUP
LOAD d:/auni/ph/eclipsearm/win32/eclipsearm/sourcery-g++-lite-arm-2011.03/bin/../lib/gcc/arm-none-eabi/4.5.2\libgcc.a
LOAD d:/auni/ph/eclipsearm/win32/eclipsearm/sourcery-g++-lite-arm-2011.03/bin/../lib/gcc/arm-none-eabi/4.5.2/../../../../arm-none-eabi/lib\libc.a
END GROUP
                0x0c000000                . = 0xc000000

.text           0x0c000000      0x114
 *(.text)
 .text          0x0c000000       0x70 ./copy.o
                0x0c000000                __c_copy_10
 .text          0x0c000070       0xa4 ./init.o
                0x0c000070                start
                0x0c000114                _bdata = .

.glue_7         0x0c000114        0x0
 .glue_7        0x00000000        0x0 linker stubs

.glue_7t        0x0c000114        0x0
 .glue_7t       0x00000000        0x0 linker stubs

.vfp11_veneer   0x0c000114        0x0
 .vfp11_veneer  0x00000000        0x0 linker stubs

.v4_bx          0x0c000114        0x0
 .v4_bx         0x00000000        0x0 linker stubs

.data           0x0c000114       0xa0
 *(.data)
 .data          0x0c000114        0x0 ./copy.o
 .data          0x0c000114       0xa0 ./init.o
                0x0c0001b4                _edata = .

.rodata
 *(.rodata)
                0x0c0001b4                _bbss = .

.bss            0x0c0001b4        0x0
 *(.bss)
 .bss           0x0c0001b4        0x0 ./copy.o
 .bss           0x0c0001b4        0x0 ./init.o
                0x0c0001b4                _ebss = .
OUTPUT(PH_1_A.elf elf32-littlearm)

.debug_abbrev   0x00000000       0x73
 .debug_abbrev  0x00000000       0x5f ./copy.o
 .debug_abbrev  0x0000005f       0x14 ./init.o

.debug_info     0x00000000       0xd1
 .debug_info    0x00000000       0x79 ./copy.o
 .debug_info    0x00000079       0x58 ./init.o

.debug_line     0x00000000       0xaf
 .debug_line    0x00000000       0x4b ./copy.o
 .debug_line    0x0000004b       0x64 ./init.o

.debug_macinfo  0x00000000     0x20fc
 .debug_macinfo
                0x00000000     0x20fc ./copy.o

.debug_loc      0x00000000       0x2c
 .debug_loc     0x00000000       0x2c ./copy.o

.debug_pubnames
                0x00000000       0x22
 .debug_pubnames
                0x00000000       0x22 ./copy.o

.debug_aranges  0x00000000       0x40
 .debug_aranges
                0x00000000       0x20 ./copy.o
 .debug_aranges
                0x00000020       0x20 ./init.o

.debug_str      0x00000000       0x4f
 .debug_str     0x00000000       0x4f ./copy.o

.comment        0x00000000       0x2a
 .comment       0x00000000       0x2a ./copy.o
                                 0x2b (size before relaxing)

.ARM.attributes
                0x00000000       0x30
 .ARM.attributes
                0x00000000       0x32 ./copy.o
 .ARM.attributes
                0x00000032       0x22 ./init.o

.debug_frame    0x00000000       0x30
 .debug_frame   0x00000000       0x30 ./copy.o
