Archive member included because of file (symbol)

c:/program files/eclipsearm/sourcery-g++-lite-arm-2011.03/bin/../lib/gcc/arm-none-eabi/4.5.2\libgcc.a(_divsi3.o)
                              ./common/44blib.o (__aeabi_idiv)
c:/program files/eclipsearm/sourcery-g++-lite-arm-2011.03/bin/../lib/gcc/arm-none-eabi/4.5.2\libgcc.a(_dvmd_tls.o)
                              c:/program files/eclipsearm/sourcery-g++-lite-arm-2011.03/bin/../lib/gcc/arm-none-eabi/4.5.2\libgcc.a(_divsi3.o) (__aeabi_idiv0)
c:/program files/eclipsearm/sourcery-g++-lite-arm-2011.03/bin/../lib/gcc/arm-none-eabi/4.5.2\libgcc.a(_arm_addsubdf3.o)
                              ./timer.o (__aeabi_ui2d)
c:/program files/eclipsearm/sourcery-g++-lite-arm-2011.03/bin/../lib/gcc/arm-none-eabi/4.5.2\libgcc.a(_arm_muldivdf3.o)
                              ./timer.o (__aeabi_dmul)
c:/program files/eclipsearm/sourcery-g++-lite-arm-2011.03/bin/../lib/gcc/arm-none-eabi/4.5.2\libgcc.a(_arm_truncdfsf2.o)
                              ./timer.o (__aeabi_d2f)
c:/program files/eclipsearm/sourcery-g++-lite-arm-2011.03/bin/../lib/gcc/arm-none-eabi/4.5.2\libgcc.a(_arm_addsubsf3.o)
                              ./timer.o (__aeabi_fadd)
c:/program files/eclipsearm/sourcery-g++-lite-arm-2011.03/bin/../lib/gcc/arm-none-eabi/4.5.2\libgcc.a(_arm_muldivsf3.o)
                              ./timer.o (__aeabi_fmul)

Allocating common symbols
Common symbol       size              file

led_state           0x4               ./led.o
fileSize            0x4               ./common/44blib.o
downPt              0x4               ./common/44blib.o

Memory Configuration

Name             Origin             Length             Attributes
*default*        0x00000000         0xffffffff

Linker script and memory map

LOAD ./common/44binit.o
LOAD ./common/44blib.o
LOAD ./8led.o
LOAD ./button.o
LOAD ./led.o
LOAD ./main.o
LOAD ./timer.o
START GROUP
LOAD c:/program files/eclipsearm/sourcery-g++-lite-arm-2011.03/bin/../lib/gcc/arm-none-eabi/4.5.2\libgcc.a
LOAD c:/program files/eclipsearm/sourcery-g++-lite-arm-2011.03/bin/../lib/gcc/arm-none-eabi/4.5.2/../../../../arm-none-eabi/lib\libc.a
END GROUP
                0x0c000000                . = 0xc000000
                0x0c000000                Image_RO_Base = .

.text           0x0c000000     0x2420
 *(.text)
 .text          0x0c000000      0x70c ./common/44binit.o
 .text          0x0c00070c      0x46c ./common/44blib.o
                0x0c00070c                Delay
                0x0c000844                DelayMs
                0x0c0008a8                Port_Init
                0x0c000a38                malloc
                0x0c000ad8                free
                0x0c000b08                sys_init
 .text          0x0c000b78       0x78 ./8led.o
                0x0c000b78                D8Led_init
                0x0c000b9c                D8Led_symbol
 .text          0x0c000bf0      0x198 ./button.o
                0x0c000bf0                Eint4567_init
                0x0c000cd0                Eint4567_ISR
 .text          0x0c000d88      0x23c ./led.o
                0x0c000d88                leds_on
                0x0c000da8                leds_off
                0x0c000dc8                led1_on
                0x0c000e08                led1_off
                0x0c000e48                led2_on
                0x0c000e88                led2_off
                0x0c000ec8                leds_switch
                0x0c000f08                Led_Display
 .text          0x0c000fc4       0x90 ./main.o
                0x0c000fc4                Main
 *fill*         0x0c001054        0x4 00
 .text          0x0c001058      0x380 ./timer.o
                0x0c001058                timer_ISR
                0x0c0010a0                timer2_ISR
                0x0c0010f0                timer_init
                0x0c0011b0                Timer2_Inicializar
                0x0c001264                Timer2_Empezar
                0x0c0012cc                Timer2_Leer
 .text          0x0c0013d8      0x148 c:/program files/eclipsearm/sourcery-g++-lite-arm-2011.03/bin/../lib/gcc/arm-none-eabi/4.5.2\libgcc.a(_divsi3.o)
                0x0c0013d8                __divsi3
                0x0c0013d8                __aeabi_idiv
                0x0c001500                __aeabi_idivmod
 .text          0x0c001520        0x4 c:/program files/eclipsearm/sourcery-g++-lite-arm-2011.03/bin/../lib/gcc/arm-none-eabi/4.5.2\libgcc.a(_dvmd_tls.o)
                0x0c001520                __aeabi_idiv0
                0x0c001520                __aeabi_ldiv0
 .text          0x0c001524      0x41c c:/program files/eclipsearm/sourcery-g++-lite-arm-2011.03/bin/../lib/gcc/arm-none-eabi/4.5.2\libgcc.a(_arm_addsubdf3.o)
                0x0c001524                __aeabi_drsub
                0x0c00152c                __aeabi_dsub
                0x0c00152c                __subdf3
                0x0c001530                __aeabi_dadd
                0x0c001530                __adddf3
                0x0c001840                __floatunsidf
                0x0c001840                __aeabi_ui2d
                0x0c001864                __floatsidf
                0x0c001864                __aeabi_i2d
                0x0c00188c                __aeabi_f2d
                0x0c00188c                __extendsfdf2
                0x0c0018cc                __floatundidf
                0x0c0018cc                __aeabi_ul2d
                0x0c0018e0                __floatdidf
                0x0c0018e0                __aeabi_l2d
 .text          0x0c001940      0x49c c:/program files/eclipsearm/sourcery-g++-lite-arm-2011.03/bin/../lib/gcc/arm-none-eabi/4.5.2\libgcc.a(_arm_muldivdf3.o)
                0x0c001940                __aeabi_dmul
                0x0c001940                __muldf3
                0x0c001bd0                __divdf3
                0x0c001bd0                __aeabi_ddiv
 .text          0x0c001ddc       0xa0 c:/program files/eclipsearm/sourcery-g++-lite-arm-2011.03/bin/../lib/gcc/arm-none-eabi/4.5.2\libgcc.a(_arm_truncdfsf2.o)
                0x0c001ddc                __truncdfsf2
                0x0c001ddc                __aeabi_d2f
 .text          0x0c001e7c      0x2ac c:/program files/eclipsearm/sourcery-g++-lite-arm-2011.03/bin/../lib/gcc/arm-none-eabi/4.5.2\libgcc.a(_arm_addsubsf3.o)
                0x0c001e7c                __aeabi_frsub
                0x0c001e84                __subsf3
                0x0c001e84                __aeabi_fsub
                0x0c001e88                __aeabi_fadd
                0x0c001e88                __addsf3
                0x0c002044                __aeabi_ui2f
                0x0c002044                __floatunsisf
                0x0c00204c                __aeabi_i2f
                0x0c00204c                __floatsisf
                0x0c00206c                __aeabi_ul2f
                0x0c00206c                __floatundisf
                0x0c00207c                __aeabi_l2f
                0x0c00207c                __floatdisf
 .text          0x0c002128      0x2f8 c:/program files/eclipsearm/sourcery-g++-lite-arm-2011.03/bin/../lib/gcc/arm-none-eabi/4.5.2\libgcc.a(_arm_muldivsf3.o)
                0x0c002128                __mulsf3
                0x0c002128                __aeabi_fmul
                0x0c0022c0                __aeabi_fdiv
                0x0c0022c0                __divsf3
                0x0c002420                Image_RO_Limit = .
                0x0c002420                Image_RW_Base = .

.glue_7         0x0c002420        0x0
 .glue_7        0x00000000        0x0 linker stubs

.glue_7t        0x0c002420        0x0
 .glue_7t       0x00000000        0x0 linker stubs

.vfp11_veneer   0x0c002420        0x0
 .vfp11_veneer  0x00000000        0x0 linker stubs

.v4_bx          0x0c002420        0x0
 .v4_bx         0x00000000        0x0 linker stubs

.data           0x0c002420       0x58
 *(.data)
 .data          0x0c002420        0x6 ./common/44binit.o
                0x0c002420                BDRAMTYPE
 *fill*         0x0c002426        0x2 00
 .data          0x0c002428        0xc ./common/44blib.o
                0x0c002428                mallocPt
                0x0c00242c                run
 .data          0x0c002434       0x44 ./8led.o
                0x0c002434                Symbol
 .data          0x0c002478        0x0 ./button.o
 .data          0x0c002478        0x0 ./led.o
 .data          0x0c002478        0x0 ./main.o
 .data          0x0c002478        0x0 ./timer.o
 .data          0x0c002478        0x0 c:/program files/eclipsearm/sourcery-g++-lite-arm-2011.03/bin/../lib/gcc/arm-none-eabi/4.5.2\libgcc.a(_divsi3.o)
 .data          0x0c002478        0x0 c:/program files/eclipsearm/sourcery-g++-lite-arm-2011.03/bin/../lib/gcc/arm-none-eabi/4.5.2\libgcc.a(_dvmd_tls.o)
 .data          0x0c002478        0x0 c:/program files/eclipsearm/sourcery-g++-lite-arm-2011.03/bin/../lib/gcc/arm-none-eabi/4.5.2\libgcc.a(_arm_addsubdf3.o)
 .data          0x0c002478        0x0 c:/program files/eclipsearm/sourcery-g++-lite-arm-2011.03/bin/../lib/gcc/arm-none-eabi/4.5.2\libgcc.a(_arm_muldivdf3.o)
 .data          0x0c002478        0x0 c:/program files/eclipsearm/sourcery-g++-lite-arm-2011.03/bin/../lib/gcc/arm-none-eabi/4.5.2\libgcc.a(_arm_truncdfsf2.o)
 .data          0x0c002478        0x0 c:/program files/eclipsearm/sourcery-g++-lite-arm-2011.03/bin/../lib/gcc/arm-none-eabi/4.5.2\libgcc.a(_arm_addsubsf3.o)
 .data          0x0c002478        0x0 c:/program files/eclipsearm/sourcery-g++-lite-arm-2011.03/bin/../lib/gcc/arm-none-eabi/4.5.2\libgcc.a(_arm_muldivsf3.o)

.rodata
 *(.rodata)
                0x0c002478                Image_RW_Limit = .
                0x0c002478                Image_ZI_Base = .

.bss            0x0c002478       0x1c
 *(.bss)
 .bss           0x0c002478        0x0 ./common/44binit.o
 .bss           0x0c002478        0x4 ./common/44blib.o
                0x0c002478                restart
 .bss           0x0c00247c        0x0 ./8led.o
 .bss           0x0c00247c        0x4 ./button.o
                0x0c00247c                int_count
 .bss           0x0c002480        0x0 ./led.o
 .bss           0x0c002480        0x0 ./main.o
 .bss           0x0c002480        0x8 ./timer.o
                0x0c002480                switch_leds
                0x0c002484                timer2_num_int
 .bss           0x0c002488        0x0 c:/program files/eclipsearm/sourcery-g++-lite-arm-2011.03/bin/../lib/gcc/arm-none-eabi/4.5.2\libgcc.a(_divsi3.o)
 .bss           0x0c002488        0x0 c:/program files/eclipsearm/sourcery-g++-lite-arm-2011.03/bin/../lib/gcc/arm-none-eabi/4.5.2\libgcc.a(_dvmd_tls.o)
 .bss           0x0c002488        0x0 c:/program files/eclipsearm/sourcery-g++-lite-arm-2011.03/bin/../lib/gcc/arm-none-eabi/4.5.2\libgcc.a(_arm_addsubdf3.o)
 .bss           0x0c002488        0x0 c:/program files/eclipsearm/sourcery-g++-lite-arm-2011.03/bin/../lib/gcc/arm-none-eabi/4.5.2\libgcc.a(_arm_muldivdf3.o)
 .bss           0x0c002488        0x0 c:/program files/eclipsearm/sourcery-g++-lite-arm-2011.03/bin/../lib/gcc/arm-none-eabi/4.5.2\libgcc.a(_arm_truncdfsf2.o)
 .bss           0x0c002488        0x0 c:/program files/eclipsearm/sourcery-g++-lite-arm-2011.03/bin/../lib/gcc/arm-none-eabi/4.5.2\libgcc.a(_arm_addsubsf3.o)
 .bss           0x0c002488        0x0 c:/program files/eclipsearm/sourcery-g++-lite-arm-2011.03/bin/../lib/gcc/arm-none-eabi/4.5.2\libgcc.a(_arm_muldivsf3.o)
 COMMON         0x0c002488        0x8 ./common/44blib.o
                0x0c002488                fileSize
                0x0c00248c                downPt
 COMMON         0x0c002490        0x4 ./led.o
                0x0c002490                led_state
                0x0c002494                Image_ZI_Limit = .
                0x0c002494                __bss_start__ = .
                0x0c002494                __bss_end__ = .
                0x0c002494                __EH_FRAME_BEGIN__ = .
                0x0c002494                __EH_FRAME_END__ = .
                0x0c002494                PROVIDE (__stack, .)
                0x0c002494                end = .
                0x0c002494                _end = .

.ARM.attributes
                0x00000000       0x2e
 .ARM.attributes
                0x00000000       0x22 ./common/44binit.o
 .ARM.attributes
                0x00000022       0x32 ./common/44blib.o
 .ARM.attributes
                0x00000054       0x32 ./8led.o
 .ARM.attributes
                0x00000086       0x32 ./button.o
 .ARM.attributes
                0x000000b8       0x32 ./led.o
 .ARM.attributes
                0x000000ea       0x32 ./main.o
 .ARM.attributes
                0x0000011c       0x32 ./timer.o
 .ARM.attributes
                0x0000014e       0x1a c:/program files/eclipsearm/sourcery-g++-lite-arm-2011.03/bin/../lib/gcc/arm-none-eabi/4.5.2\libgcc.a(_divsi3.o)
 .ARM.attributes
                0x00000168       0x18 c:/program files/eclipsearm/sourcery-g++-lite-arm-2011.03/bin/../lib/gcc/arm-none-eabi/4.5.2\libgcc.a(_dvmd_tls.o)
 .ARM.attributes
                0x00000180       0x1a c:/program files/eclipsearm/sourcery-g++-lite-arm-2011.03/bin/../lib/gcc/arm-none-eabi/4.5.2\libgcc.a(_arm_addsubdf3.o)
 .ARM.attributes
                0x0000019a       0x1a c:/program files/eclipsearm/sourcery-g++-lite-arm-2011.03/bin/../lib/gcc/arm-none-eabi/4.5.2\libgcc.a(_arm_muldivdf3.o)
 .ARM.attributes
                0x000001b4       0x1a c:/program files/eclipsearm/sourcery-g++-lite-arm-2011.03/bin/../lib/gcc/arm-none-eabi/4.5.2\libgcc.a(_arm_truncdfsf2.o)
 .ARM.attributes
                0x000001ce       0x1a c:/program files/eclipsearm/sourcery-g++-lite-arm-2011.03/bin/../lib/gcc/arm-none-eabi/4.5.2\libgcc.a(_arm_addsubsf3.o)
 .ARM.attributes
                0x000001e8       0x1a c:/program files/eclipsearm/sourcery-g++-lite-arm-2011.03/bin/../lib/gcc/arm-none-eabi/4.5.2\libgcc.a(_arm_muldivsf3.o)

.comment        0x00000000       0x2a
 .comment       0x00000000       0x2a ./common/44blib.o
                                 0x2b (size before relaxing)
 .comment       0x00000000       0x2b ./8led.o
 .comment       0x00000000       0x2b ./button.o
 .comment       0x00000000       0x2b ./led.o
 .comment       0x00000000       0x2b ./main.o
 .comment       0x00000000       0x2b ./timer.o

.debug_info     0x00000000      0x726
 *(.debug_info)
 .debug_info    0x00000000       0x58 ./common/44binit.o
 .debug_info    0x00000058      0x229 ./common/44blib.o
 .debug_info    0x00000281      0x11b ./8led.o
 .debug_info    0x0000039c       0x94 ./button.o
 .debug_info    0x00000430      0x104 ./led.o
 .debug_info    0x00000534       0xd9 ./main.o
 .debug_info    0x0000060d      0x119 ./timer.o

.debug_line     0x00000000      0xa6d
 *(.debug_line)
 .debug_line    0x00000000      0x10f ./common/44binit.o
 .debug_line    0x0000010f      0x3cd ./common/44blib.o
 .debug_line    0x000004dc       0x81 ./8led.o
 .debug_line    0x0000055d       0x9c ./button.o
 .debug_line    0x000005f9       0x95 ./led.o
 .debug_line    0x0000068e      0x339 ./main.o
 .debug_line    0x000009c7       0xa6 ./timer.o

.debug_abbrev   0x00000000      0x3e0
 *(.debug_abbrev)
 .debug_abbrev  0x00000000       0x14 ./common/44binit.o
 .debug_abbrev  0x00000014      0x11f ./common/44blib.o
 .debug_abbrev  0x00000133       0xba ./8led.o
 .debug_abbrev  0x000001ed       0x89 ./button.o
 .debug_abbrev  0x00000276       0x7c ./led.o
 .debug_abbrev  0x000002f2       0x63 ./main.o
 .debug_abbrev  0x00000355       0x8b ./timer.o

.debug_frame    0x00000000      0x3c0
 *(.debug_frame)
 .debug_frame   0x00000000       0xd0 ./common/44blib.o
 .debug_frame   0x000000d0       0x50 ./8led.o
 .debug_frame   0x00000120       0x5c ./button.o
 .debug_frame   0x0000017c      0x110 ./led.o
 .debug_frame   0x0000028c       0x30 ./main.o
 .debug_frame   0x000002bc       0xe4 ./timer.o
 .debug_frame   0x000003a0       0x20 c:/program files/eclipsearm/sourcery-g++-lite-arm-2011.03/bin/../lib/gcc/arm-none-eabi/4.5.2\libgcc.a(_divsi3.o)
OUTPUT(p2.elf elf32-littlearm)

.debug_aranges  0x00000000       0xe0
 .debug_aranges
                0x00000000       0x20 ./common/44binit.o
 .debug_aranges
                0x00000020       0x20 ./common/44blib.o
 .debug_aranges
                0x00000040       0x20 ./8led.o
 .debug_aranges
                0x00000060       0x20 ./button.o
 .debug_aranges
                0x00000080       0x20 ./led.o
 .debug_aranges
                0x000000a0       0x20 ./main.o
 .debug_aranges
                0x000000c0       0x20 ./timer.o

.debug_macinfo  0x00000000    0x25b0d
 .debug_macinfo
                0x00000000     0x9c09 ./common/44blib.o
 .debug_macinfo
                0x00009c09     0x50a9 ./8led.o
 .debug_macinfo
                0x0000ecb2     0x522d ./button.o
 .debug_macinfo
                0x00013edf     0x50a9 ./led.o
 .debug_macinfo
                0x00018f88     0x7adc ./main.o
 .debug_macinfo
                0x00020a64     0x50a9 ./timer.o

.debug_loc      0x00000000      0x44c
 .debug_loc     0x00000000      0x108 ./common/44blib.o
 .debug_loc     0x00000108       0x58 ./8led.o
 .debug_loc     0x00000160       0x58 ./button.o
 .debug_loc     0x000001b8      0x160 ./led.o
 .debug_loc     0x00000318       0x2c ./main.o
 .debug_loc     0x00000344      0x108 ./timer.o

.debug_pubnames
                0x00000000      0x251
 .debug_pubnames
                0x00000000       0x90 ./common/44blib.o
 .debug_pubnames
                0x00000090       0x3d ./8led.o
 .debug_pubnames
                0x000000cd       0x43 ./button.o
 .debug_pubnames
                0x00000110       0x8b ./led.o
 .debug_pubnames
                0x0000019b       0x1b ./main.o
 .debug_pubnames
                0x000001b6       0x9b ./timer.o

.debug_pubtypes
                0x00000000       0x24
 .debug_pubtypes
                0x00000000       0x12 ./common/44blib.o
 .debug_pubtypes
                0x00000012       0x12 ./main.o

.debug_str      0x00000000      0x2c5
 .debug_str     0x00000000      0x112 ./common/44blib.o
                                0x150 (size before relaxing)
 .debug_str     0x00000112       0x6c ./8led.o
                                 0x9e (size before relaxing)
 .debug_str     0x0000017e       0x3b ./button.o
                                 0x6d (size before relaxing)
 .debug_str     0x000001b9       0x68 ./led.o
                                 0x8d (size before relaxing)
 .debug_str     0x00000221       0x21 ./main.o
                                 0xcf (size before relaxing)
 .debug_str     0x00000242       0x83 ./timer.o
                                 0xba (size before relaxing)
